c:\Users\harip\Desktop\collections\.venv\Scripts\python.exe : PyTorch was not found. Models won't be available and 
only tokenizers, configuration and file/data utilities can be used.
At line:1 char:1
+ c:\Users\harip\Desktop\collections\.venv\Scripts\python.exe C:\Users\ ...
+ ~~~~~~~~~~~~~~~~~~~~~~~~~~~~~~~~~~~~~~~~~~~~~~~~~~~~~~~~~~~~~~~~~~~~~
    + CategoryInfo          : NotSpecified: (PyTorch was not...es can be used.:String) [], RemoteException
    + FullyQualifiedErrorId : NativeCommandError
 
Traceback (most recent call last):
  File "C:\Users\harip\Desktop\collections\test_wrong_contact.py", line 9, in <module>
    from app.agents.postcall_agent.main import process_transcript_and_update_json
  File "C:\Users\harip\Desktop\collections\app\agents\postcall_agent\__init__.py", line 1, in <module>
    from .main import process_transcript_and_update_json
  File "C:\Users\harip\Desktop\collections\app\agents\postcall_agent\main.py", line 211, in <module>
    from app.caller_features.open_telemetry import call_span, record_token_usage
ModuleNotFoundError: No module named 'app.caller_features.open_telemetry'
